// Jest Snapshot v1, https://goo.gl/fbAQLP

exports[`component Term/Show renders as expected 1`] = `
Array [
  <div
    className="MuiGrid-container-5"
/>,
  <div
    className="MuiGrid-container-5 New-termSelectZone-4"
>
    <div
        className="MuiGrid-item-6 MuiGrid-zeroMinWidth-7 MuiGrid-grid-xs-9-42"
    >
        <div
            className="css-10nd86i"
            id={undefined}
            onKeyDown={[Function]}
        >
            <div
                aria-describedby={undefined}
                className="MuiFormControl-root-103 MuiFormControl-fullWidth-106"
            >
                <div
                    className="MuiInput-root-107 MuiInput-fullWidth-114 MuiInput-formControl-108 MuiInput-underline-111"
                >
                    <div
                        aria-invalid={false}
                        autoComplete={undefined}
                        autoFocus={undefined}
                        className="MuiInput-input-115 Control-input-102"
                        defaultValue={undefined}
                        disabled={false}
                        id={undefined}
                        name={undefined}
                        onBlur={[Function]}
                        onChange={[Function]}
                        onFocus={[Function]}
                        onKeyDown={undefined}
                        onKeyUp={undefined}
                        onMouseDown={[Function]}
                        onTouchEnd={[Function]}
                        placeholder={undefined}
                        readOnly={undefined}
                        required={false}
                        rows={undefined}
                        type="text"
                        value={undefined}
                    >
                        <div
                            className="ValueContainer-valueContainer-120"
                        >
                            <p
                                className="MuiTypography-root-122 MuiTypography-body1-131 MuiTypography-colorTextSecondary-145 Placeholder-placeholder-121"
                            >
                                Search a term
                            </p>
                            <div
                                className="css-1hrkh7z"
                            >
                                <div
                                    className=""
                                    style={
                                        Object {
                                            "display": "inline-block",
                                          }
                                    }
                                >
                                    <input
                                        aria-autocomplete="list"
                                        aria-label={undefined}
                                        aria-labelledby={undefined}
                                        autoCapitalize="none"
                                        autoComplete="off"
                                        autoCorrect="off"
                                        className={undefined}
                                        disabled={false}
                                        id="react-select-2-input"
                                        onBlur={[Function]}
                                        onChange={[Function]}
                                        onFocus={[Function]}
                                        spellCheck="false"
                                        style={
                                            Object {
                                                "background": 0,
                                                "border": 0,
                                                "boxSizing": "content-box",
                                                "color": "inherit",
                                                "fontSize": "inherit",
                                                "opacity": 1,
                                                "outline": 0,
                                                "padding": 0,
                                                "width": "1px",
                                              }
                                        }
                                        tabIndex="0"
                                        type="text"
                                        value=""
                                    />
                                    <div
                                        style={
                                            Object {
                                                "height": 0,
                                                "left": 0,
                                                "overflow": "scroll",
                                                "position": "absolute",
                                                "top": 0,
                                                "visibility": "hidden",
                                                "whiteSpace": "pre",
                                              }
                                        }
                                    >
                                        
                                    </div>
                                </div>
                            </div>
                        </div>
                        <div
                            className="css-1wy0on6"
                        >
                            <div
                                aria-hidden="true"
                                className="css-fraxkc"
                            >
                                <span
                                    className="css-pujnn1"
                                />
                                <span
                                    className="css-gji98i"
                                />
                                <span
                                    className="css-1frpy8x"
                                />
                            </div>
                            <span
                                className="css-d8oujb"
                            />
                            <div
                                aria-hidden="true"
                                className="css-1ep9fjw"
                                onMouseDown={[Function]}
                                onTouchEnd={[Function]}
                            >
                                <svg
                                    aria-hidden="true"
                                    className="css-19bqh2r"
                                    focusable="false"
                                    height={20}
                                    viewBox="0 0 20 20"
                                    width={20}
                                >
                                    <path
                                        d="M4.516 7.548c0.436-0.446 1.043-0.481 1.576 0l3.908 3.747 3.908-3.747c0.533-0.481 1.141-0.446 1.574 0 0.436 0.445 0.408 1.197 0 1.615-0.406 0.418-4.695 4.502-4.695 4.502-0.217 0.223-0.502 0.335-0.787 0.335s-0.57-0.112-0.789-0.335c0 0-4.287-4.084-4.695-4.502s-0.436-1.17 0-1.615z"
                                    />
                                </svg>
                            </div>
                        </div>
                    </div>
                </div>
            </div>
        </div>
    </div>
    <div
        className="MuiGrid-item-6"
    >
        <div
            className="MuiFormControl-root-103"
        >
            <button
                className="MuiButtonBase-root-173 MuiButton-root-147 MuiButton-contained-158 MuiButton-containedPrimary-159 MuiButton-raised-161 MuiButton-raisedPrimary-162 MuiButton-sizeSmall-170 New-button-2"
                disabled={false}
                onBlur={[Function]}
                onFocus={[Function]}
                onKeyDown={[Function]}
                onKeyUp={[Function]}
                onMouseDown={[Function]}
                onMouseLeave={[Function]}
                onMouseUp={[Function]}
                onTouchEnd={[Function]}
                onTouchMove={[Function]}
                onTouchStart={[Function]}
                tabIndex="0"
                type="button"
            >
                <span
                    className="MuiButton-label-148"
                >
                    Add Term
                    <svg
                        aria-hidden="true"
                        className="MuiSvgIcon-root-176 New-rightIcon-3"
                        color={undefined}
                        focusable="false"
                        viewBox="0 0 24 24"
                    >
                        <path
                            d="M0 0h24v24H0z"
                            fill="none"
                        />
                        <path
                            d="M19.35 10.04C18.67 6.59 15.64 4 12 4 9.11 4 6.6 5.64 5.35 8.04 2.34 8.36 0 10.91 0 14c0 3.31 2.69 6 6 6h13c2.76 0 5-2.24 5-5 0-2.64-2.05-4.78-4.65-4.96zM14 13v4h-4v-4H7l5-5 5 5h-3z"
                        />
                    </svg>
                </span>
                <span
                    className="MuiTouchRipple-root-183"
                />
            </button>
        </div>
    </div>
</div>,
]
`;
